
> @figma/my-make-file@0.0.1 build
> vite build

[36mvite v6.3.5 [32mbuilding for production...[36m[39m
transforming...
[32mÔ£ô[39m 114 modules transformed.
node.exe : [31mÔ£ù[39m 
Build failed in 751ms
En línea: 1 Carácter: 1
+ & "C:\Program 
Files\nodejs/node.exe" 
"C:\Program 
Files\nodejs/node_mo ...
+ ~~~~~~~~~~~~~~~~~~~~~~~~~~~
~~~~~~~~~~~~~~~~~~~~~~~~~~~~~
~~~~~~~~~~~~~
    + CategoryInfo           
   : NotSpecified: ([31mÔ£  
  ù[39m Build failed in 7   
 51ms:String) [], RemoteE    
xception
    + FullyQualifiedErrorId  
   : NativeCommandError
 
[31merror during build:
[31m[vite]: Rollup failed 
to resolve import "figma:asse
t/86b201e409c024d9f483186b36e
fc4ffc06326a7.png" from "C:/U
sers/camil/OneDrive/Documento
s/ravequest/ravenquest/ingeni
ero financiero/features_app_c
ompleta/src/imports/LukasHome
MascotAvatarIntegration.tsx".
This is most likely 
unintended because it can 
break your application at 
runtime.
If you do want to 
externalize this module 
explicitly add it to
`build.rollupOptions.external
`[31m
    at viteLog (file:///C:/Us
ers/camil/OneDrive/Documentos
/ravequest/ravenquest/ingenie
ro%20financiero/features_app_
completa/node_modules/vite/di
st/node/chunks/dep-DBxKXgDP.j
s:46345:15)
    at file:///C:/Users/camil
/OneDrive/Documentos/raveques
t/ravenquest/ingeniero%20fina
nciero/features_app_completa/
node_modules/vite/dist/node/c
hunks/dep-DBxKXgDP.js:46403:1
8
    at onwarn (file:///C:/Use
rs/camil/OneDrive/Documentos/
ravequest/ravenquest/ingenier
o%20financiero/features_app_c
ompleta/node_modules/@vitejs/
plugin-react/dist/index.js:90
:7)
    at file:///C:/Users/camil
/OneDrive/Documentos/raveques
t/ravenquest/ingeniero%20fina
nciero/features_app_completa/
node_modules/vite/dist/node/c
hunks/dep-DBxKXgDP.js:46401:7
    at onRollupLog (file:///C
:/Users/camil/OneDrive/Docume
ntos/ravequest/ravenquest/ing
eniero%20financiero/features_
app_completa/node_modules/vit
e/dist/node/chunks/dep-DBxKXg
DP.js:46393:5)
    at onLog (file:///C:/User
s/camil/OneDrive/Documentos/r
avequest/ravenquest/ingeniero
%20financiero/features_app_co
mpleta/node_modules/vite/dist
/node/chunks/dep-DBxKXgDP.js:
46043:7)
    at file:///C:/Users/camil
/OneDrive/Documentos/raveques
t/ravenquest/ingeniero%20fina
nciero/features_app_completa/
node_modules/rollup/dist/es/s
hared/node-entry.js:20981:32
    at Object.logger [as 
onLog] (file:///C:/Users/cami
l/OneDrive/Documentos/raveque
st/ravenquest/ingeniero%20fin
anciero/features_app_completa
/node_modules/rollup/dist/es/
shared/node-entry.js:22968:9)
    at ModuleLoader.handleInv
alidResolvedId (file:///C:/Us
ers/camil/OneDrive/Documentos
/ravequest/ravenquest/ingenie
ro%20financiero/features_app_
completa/node_modules/rollup/
dist/es/shared/node-entry.js:
21712:26)
    at file:///C:/Users/camil
/OneDrive/Documentos/raveques
t/ravenquest/ingeniero%20fina
nciero/features_app_completa/
node_modules/rollup/dist/es/s
hared/node-entry.js:21670:26
[39m
